
🎤 Multi-Turn Debate — Live Validation

✓ Loaded 5 gaps from DB
✓ Loaded 33 candidates from DB
✓ Loaded 2329 reviews, 932 issues

================================================================================

================================================================================
🎤 STARTING MULTI-TURN DEBATE
================================================================================

[ROUND 1] Evidence Validator:
Let's evaluate the top-5 gaps based on the provided information.

### Gap #1: Concerns about government surveillance and tracking
1. **Review IDs and Support:** The reviews provided seem to offer mixed responses. The 5-star review praises anonymity, while the 3-star review expresses concerns about tracking by authorities. While there is some support for the gap, it is quite limited and does not strongly indicate a systemic issue.
  
2. **Confidence Score Justification:** The components show a moderate level of evidence (0.52) and low consistency (0.38), which suggests that the support for this gap is not robust. The gap certainty is high (1.00), which may inflate the confidence score despite low evidence.

3. **Verdict Assignment:** The verdict of "IGNORED" seems appropriate given the limited support from reviews. However, the high confidence score may be misleading given the weak evidence.

4. **Ranking Reasonableness:** This gap might be ranked too highly given its weak support.

### Gap #2: Reliable connection status indicators and logs to troubleshoot connectivity issues
1. **Review IDs and Support:** The reviews highlight frustrations with connectivity and UI changes, indicating that there are real concerns about troubleshooting. This provides more concrete support than Gap #1.

2. **Confidence Score Justification:** The confidence score is relatively high (66.4%), supported by reasonable evidence (0.52) and consistency (0.57), suggesting that users are indeed experiencing issues related to connectivity.

3. **Verdict Assignment:** The "UNDER-PRIORITIZED" verdict seems accurate given the support from the reviews and the existence of a matched issue (#1517).

4. **Ranking Reasonableness:** This gap deserves its place in the top-5 based on the user feedback provided.

### Gap #3: Clear guidance or support for troubleshooting installation and startup issues
1. **Review IDs and Support:** The reviews indicate frustration with installation issues, though they lack specificity. The reviews are somewhat vague and do not strongly support the gap.

2. **Confidence Score Justification:** The evidence score (0.52) is acceptable, but the very low consistency (0.27) suggests that user feedback is not strongly aligned, which diminishes confidence in this gap.

3. **Verdict Assignment:** The "IGNORED" verdict is appropriate considering the weak support, but the confidence score may be too high considering the lack of strong evidence.

4. **Ranking Reasonableness:** This gap might be ranked too highly based on its weak support.

### Gap #4: Option to revert to the old user interface (UI)
1. **Review IDs and Support:** The reviews contain clear expressions of dissatisfaction with the new UI, indicating solid support for this gap.

2. **Confidence Score Justification:** The confidence score is lower (64.1%) but is supported by a reasonable evidence score (0.57) and better consistency (0.57). This suggests that there is a genuine need for this feature.

3. **Verdict Assignment:** The "MISUNDERSTOOD" verdict is appropriate as users clearly want the option to revert to the old UI.

4. **Ranking Reasonableness:** This gap is valid and warrants its position in the top-5.

### Gap #5: Better guidance and education on safe deep web browsing practices
1. **Review IDs and Support:** The reviews provide limited support for this gap. The concerns expressed are general and do not strongly indicate a specific need for guidance.

2. **Confidence Score Justification:** The evidence score (0.40) is low, and the consistency (0.33) indicates that user feedback is not strongly aligned, which undermines the confidence score.

3. **Verdict Assignment:** The "IGNORED" verdict is appropriate given the weak support. The high gap certainty (1.00) may be misleading.

4. **Ranking Reasonableness:** This gap is likely over-ranked given the weak support and should be lower in priority.

### Overall Assessment
- **Validation:** Gaps #2 and #4 are well-supported and justified in their rankings. Gaps #1, #3, and #5 have considerable weaknesses in evidence and rankings that seem inflated based on the reviews provided.
- **Recommendations:** A re-evaluation of the confidence scores, particularly for Gaps #1, #3, and #5, is necessary. Additionally, considering the runner-up candidates could yield a more accurate top-5 ranking based on user feedback and needs.

### Conclusion
The top-5 gaps contain some reasonable placements, but substantial concerns exist regarding the justification of confidence scores and the assignment of verdicts for certain gaps. A revision of the rankings and support analysis is warranted.


[ROUND 2] Challenger:
Here’s a critical examination of the validator's assessment, highlighting potential oversights, inconsistencies, and areas for further exploration:

### 1. Did the validator miss anything? Any suspicious patterns?
The validator's assessment seems to overlook the potential influence of the evidence sample size and the nature of user feedback. For instance, the gap analysis relies heavily on the number of supporting reviews without considering the depth and specificity of those reviews. The presence of only a few reviews for Gaps #1, #3, and #5 could indicate a lack of engagement from users on those topics, which may not accurately reflect the actual priorities or concerns of the user base. Additionally, the confidence scores appear somewhat arbitrary, as they don't deeply account for the qualitative aspects of the reviews. There may be a pattern of favoring certain gaps based on their "gap certainty" scores without adequately weighing the qualitative feedback.

### 2. Why is gap #1 ranked #1, not #2 or #3? (confidence only 67.9% vs 66.4% for #2)
The ranking of Gap #1 over Gap #2 despite its lower confidence score may stem from the perceived urgency of government surveillance concerns compared to technical usability issues like connectivity. It's possible that the subjective weight of user concerns around privacy issues is prioritized over the more technical nature of connectivity problems. However, this raises questions about the criteria used for ranking: if confidence scores are a significant factor, then Gap #2 should rank higher. The ranking seems misaligned with the evidence metrics, suggesting a potential bias toward prioritizing privacy-related gaps without sufficient justification from user feedback.

### 3. Can any of the runner-up candidates (#6-10) legitimately claim top-5 status?
Yes, several runner-up candidates could claim top-5 status based on the evidence provided. For instance:
- **Improved reliability and connection speed to the Tor network:** This issue directly impacts user experience and could be a higher priority than some of the gaps currently in the top-5, especially given the low confidence associated with the existing gaps.
- **More comprehensive guidance on using Tor with apps:** This gap addresses user education, which is critical for ensuring safe usage, similar to Gap #5 but with potentially more robust support based on user needs for practical applications.

These candidates should be evaluated alongside the top-5 gaps to ensure that the most pressing user concerns are addressed.

### 4. Are the IGNORED verdicts too harsh, or are they justified?
The IGNORED verdicts for Gaps #1, #3, and #5 may be too harsh given the complexities of user feedback. While the evidence and consistency for these gaps are lower, the concerns raised around privacy (Gap #1) and user support (Gaps #3 and #5) are still relevant in the context of user experience. Instead of outright ignoring them, these gaps could be reclassified as "LOW PRIORITY" or "NEEDS FURTHER INVESTIGATION" to reflect the need for ongoing attention without dismissing them entirely. This could foster a more nuanced understanding of user concerns.

### 5. What would you ask judges to verify?
To ensure a thorough evaluation, I would ask the judges to:

- **Reassess the qualitative nature of the reviews:** Are there specific themes or patterns in the feedback that indicate a broader concern among users that may not be captured solely through the confidence scores?
- **Evaluate the weight of privacy concerns:** Given the societal context surrounding surveillance and privacy, how should these concerns factor into the ranking of gaps, especially if user feedback suggests they are significant?
- **Consider the impact of gap certainty on overall rankings:** Does the gap certainty score accurately reflect the urgency and priority of the issue, or does it skew the rankings in a way that doesn't correlate with user sentiment?
- **Investigate the possibility of reclassifying gaps:** Can some of the ignored gaps be elevated to lower-priority status to ensure they are not entirely overlooked in future analyses?

### Conclusion
A critical reevaluation of the gap analysis process is necessary to ensure that user concerns are accurately reflected and prioritized. The subjective nature of user priorities, particularly concerning privacy and usability, should drive a more nuanced approach to gap assessment and ranking.


[ROUND 3] Evidence Validator (responds):
Thank you for your critical examination of the gap analysis. I appreciate the opportunity to address your concerns point-by-point. 

### 1. Did the validator miss anything? Any suspicious patterns?
While I acknowledge that the assessment relied heavily on the number of supporting reviews, it also considered the qualitative aspects through evidence scores and consistency. However, I see your point about the potential lack of engagement around certain gaps. The low number of reviews for Gaps #1, #3, and #5 could indicate less user interest, which might indeed reflect a broader issue. I recognize that a more balanced approach, taking into account both qualitative feedback and user engagement levels, would strengthen the analysis. 

### 2. Why is gap #1 ranked #1, not #2 or #3? 
Gap #1 is ranked first primarily due to the perceived urgency surrounding government surveillance concerns, which resonate strongly with users in today's context. While Gap #2 has a slightly higher confidence score, the qualitative nature of user feedback around privacy issues often drives prioritization in technology applications, particularly with privacy-centric tools like this one. However, you rightly point out that if confidence scores are a primary ranking criterion, Gap #2 should logically rank higher. I see this as an inconsistency and will consider adjusting the ranking criteria to ensure a clearer alignment between confidence scores and actual user concerns.

### 3. Can any of the runner-up candidates (#6-10) legitimately claim top-5 status? 
I agree that some runner-up candidates, like improved reliability and connection speed to the Tor network and more comprehensive guidance on using Tor with apps, could legitimately claim top-5 status. Their relevance to user experience and safety is significant, and I will prioritize a review of these candidates to ensure that pressing user concerns are adequately addressed. 

### 4. Are the IGNORED verdicts too harsh, or are they justified? 
Your observation that the IGNORED verdicts could be too harsh is valid. Although the evidence for these gaps is weaker, the concerns raised—particularly around privacy and user support—are indeed relevant. Instead of outright ignoring these gaps, a classification of "LOW PRIORITY" or "NEEDS FURTHER INVESTIGATION" would reflect their importance without dismissing them entirely. I will consider adjusting these verdicts accordingly to better represent the nuances of user feedback.

### 5. What would you ask judges to verify? 
Your suggestions for reassessing the qualitative nature of reviews and evaluating the weight of privacy concerns are insightful. I would also advocate for a thorough examination of the gap certainty scores to see if they accurately reflect the urgency of the issues. This rigorous evaluation could lead to more accurate prioritization of user concerns. 

### Conclusion 
In light of your feedback, I recognize areas where my analysis may benefit from adjustments. I will re-evaluate the rankings and confidence levels, particularly for Gaps #1, #3, and #5, and consider elevating some ignored gaps to ensure they receive appropriate attention. Thank you for highlighting these critical points, and I will work to incorporate them into a more nuanced and accurate gap assessment.


[ROUND 4] Challenger (final):
### Final Verdict

1. **Are you satisfied with their defense? Why or why not?**
   I find the validator's defense to be partially satisfactory. They acknowledged several critical points raised regarding the ranking and classification of gaps, particularly concerning user engagement and the qualitative nature of reviews. Their willingness to reconsider the ranking criteria and the potential for a more nuanced classification of gaps demonstrates an understanding of the issues at hand. However, I still believe that the initial rankings and verdicts displayed inconsistencies that could undermine the credibility of the analysis. The justification for ranking Gap #1 above Gap #2, despite a lower confidence score, was particularly weak and reveals a potential bias towards privacy-related concerns over other pressing usability issues.

2. **Would this hold up under live judging?**
   The response may hold up under live judging, but it would likely face scrutiny from judges focused on the quantitative aspects of the analysis, particularly regarding consistency between confidence scores and gap prioritization. The validator's admission of inconsistency may further open the door for questions about the robustness of the criteria used for assessment. The lack of engagement with certain gaps could also be a point of contention, as judges may argue that ignoring user concerns could lead to overlooking significant issues.

3. **What should they prepare for on defense?**
   The validator should prepare to defend the rationale behind the current ranking structure and the criteria used to assess gaps. They will need to clearly articulate why certain gaps were classified as IGNORED despite their relevance and potential impact on user experience. Additionally, they should be ready to address questions about the lack of user engagement in certain areas and how that should influence prioritization. It would also be beneficial for them to present a clear framework for how they plan to adjust the rankings and classifications based on the feedback received.

4. **Do you agree top-5 is defensible, or is there a real problem?**
   While there are certainly valid concerns regarding the top-5 rankings, I believe that a case can be made for their defensibility, particularly with respect to the urgency of privacy concerns. However, the inconsistencies in ranking criteria and the treatment of ignored gaps do indicate a real problem in the assessment process. A more balanced approach that equally weighs qualitative and quantitative data would strengthen the justification for the top-5 status of these gaps.

### Final Verdict
I would rate the validation process as **conditionally acceptable**, with significant room for improvement. The validator should be prepared to revise the rankings based on a more thorough analysis of user engagement and feedback, especially regarding the ignored gaps. They need to adopt a more consistent and transparent framework for prioritizing user concerns to enhance the credibility of their assessments. Overall, while the top-5 gaps can be defended, the methodology and reasoning behind their rankings require substantial refinement to align with user needs effectively.

================================================================================
✅ DEBATE COMPLETE | Consensus: Top-5 VALID
================================================================================


⏱️  Debate took 45s


================================================================================
📋 DEBATE SUMMARY
================================================================================

Top-5 valid: True
Confidence justified: False
Verdicts sound: False
Ready for live defense: True

Main finding:
  The validation process shows potential for defending the top-5 gaps, but significant inconsistencies in ranking criteria and the treatment of ignored gaps undermine its credibility.

Concerns raised (3):
  • Inconsistency between confidence scores and gap prioritization.
  • Lack of user engagement impacting the assessment of certain gaps.
  • Harsh classification of some gaps as IGNORED without adequate justification.

📝 Talking points for defense:
  • Main finding: The validation process shows potential for defending the top-5 gaps, but significant inconsistencies in ranking criteria and the treatment of ignored gaps undermine its credibility.
  • Concerns to prepare for: Inconsistency between confidence scores and gap prioritization., Lack of user engagement impacting the assessment of certain gaps., Harsh classification of some gaps as IGNORED without adequate justification.
  • Prepared response for 'Why rank #1 and not #2?': Confidence 67.9% vs 66.4% justified by rating diversity in #1
  • Prepared response for 'What about runner-up gap #6?': Evidence insufficient (61.7% confidence), threshold is 62.3%+

💾 Saved to debate_result.json

================================================================================
Traceback (most recent call last):
  File "D:\Python_Projects\FireCode_SSS26\run_debate.py", line 89, in <module>
    main()
  File "D:\Python_Projects\FireCode_SSS26\run_debate.py", line 82, in main
    if result['ready_for_live_defense']:
KeyError: 'ready_for_live_defense'
