Panel input: 5 gaps, 41 candidates, 2329 reviews, 932 issues, 14 clusters


==============================================================================
🙋  User Advocate  —  round 1 (opening)
==============================================================================
The analysis highlights significant gaps in understanding user needs, particularly with the top need for clarity and education on navigating the deep web, which is completely IGNORED. The reviews, like [3015], express confusion about using the app for educational purposes, indicating a clear demand for guidance that the roadmap does not address. This concern is exacerbated by the lack of matching issues on the roadmap, showing a disconnect between user experience and development focus.

On the other hand, the second need regarding clear communication about expected speeds and performance is strong and categorized as UNDER-PRIORITIZED. The evidence from reviews, particularly [2834] and [2411], reflects users' frustrations with speed and their misunderstanding of Tor's inherent slowness. The existence of an open issue (#1772) related to performance improvements suggests that while there is awareness in the development team, it is not prioritized adequately, which could lead to user dissatisfaction. This gap in prioritization is a critical area for improvement.


==============================================================================
🗺️  Roadmap Owner  —  round 1 (opening)
==============================================================================
I agree with the User Advocate's assessment of the analysis but would like to add nuance to the discussion. The top gap regarding clarity and education on navigating the deep web is indeed concerning, as it reflects a fundamental user need that is completely IGNORED. The review [3015] illustrates that users are seeking guidance for safe usage, and the absence of a matching roadmap issue confirms a disconnect between user expectations and our development priorities. This is a significant oversight that needs immediate attention.

However, I would argue that the second need about clear communication on speeds and performance, while categorized as UNDER-PRIORITIZED, should be seen in a more positive light. The existence of issue #1772, although open and unscheduled, indicates that the team is aware of the problem and has taken steps to address it. This suggests that the development team is not entirely neglecting user concerns about performance, which is a more proactive stance than the IGNORED category implies. 

Overall, my primary concern is the lack of support for user education on navigating the deep web, while the awareness of performance issues is a strength, albeit inadequately prioritized.


==============================================================================
🔍  Evidence Auditor  —  round 1 (opening)
==============================================================================
The analysis presents a solid overview of user needs versus the current roadmap; however, I have specific concerns regarding the confidence scores, particularly for the top gaps. The top gap about clarity and education on navigating the deep web (gap #1) has a confidence score of 72.3%. While the volume of evidence seems adequate, the consistency score is relatively low at 0.601, which suggests that the reviews are somewhat scattered in their focus. For instance, the review [3015] does express a desire for educational resources, but many other reviews in the evidence set are more general and do not explicitly articulate a need for guidance, such as [4354] and [2501]. This raises concerns about the robustness of the evidence supporting the gap.

Conversely, the second gap regarding communication about speeds and performance (gap #2) is indeed strong and supported by a higher consistency score of 0.564, indicating that users are more unified in their frustrations. Notably, review [2834] explicitly states, "So low speed," which directly addresses the performance issue, and it is backed by a relevant roadmap issue (#1772) that, despite being open, reflects the team's awareness of the problem. This combination of clear user feedback and an existing issue on the roadmap strengthens the validity of this gap.

In summary, my primary concern is the inflated confidence score for gap #1 due to inconsistent evidence, while gap #2 is well-supported and highlights a critical need that is currently under-prioritized.


==============================================================================
🙋  User Advocate  —  round 2 (cross)
==============================================================================
User Advocate, I appreciate your emphasis on the need for clarity and education regarding deep web navigation, and I agree that this gap is significant and IGNORED. However, I take issue with your assertion that the reviews consistently articulate a distinct demand for educational resources. As the Evidence Auditor pointed out, the consistency score of 0.601 suggests that not all reviews are aligned in their focus on education—many simply express general sentiments about the deep web without a clear call for guidance. This dilutes the strength of the evidence for gap #1.

Roadmap Owner, I concede your point about the proactive stance of the development team regarding performance issues. However, I maintain that the categorization of gap #2 as UNDER-PRIORITIZED reflects a significant mismatch between user frustration and the urgency of the issue on the roadmap. While issue #1772 exists, its open status with no milestone indicates a lack of prioritization that could lead to user dissatisfaction. This gap needs more immediate attention than it is currently receiving.

Regarding the excluded candidate, I believe the gap about users needing assurance that their data and identity are fully protected ([66.7%]) should replace the gap about improved speed and performance ([67.8%] IGNORED). The excluded candidate addresses a fundamental user concern about privacy and security, which is central to the core purpose of the app. The evidence for this need is strong, as many users express anxiety over data protection, which is paramount for a tool designed for privacy like Orbot. The current gap on speed, while relevant, feels less critical when weighed against the existential concerns of users regarding their safety and anonymity online. 

In summary, I argue that the analysis of gap #1 is too generous in its confidence due to inconsistent evidence, while gap #2 needs to be acknowledged as critical but under-prioritized. Furthermore, the excluded candidate on data protection should be prioritized over the current gap on speed and performance.


==============================================================================
🗺️  Roadmap Owner  —  round 2 (cross)
==============================================================================
User Advocate, I appreciate your perspective on the evidence for gap #1. However, I maintain that the reviews collectively point to a significant need for clarity and education, particularly in the context of navigating the deep web, despite the lower consistency score. While some reviews may not explicitly call for guidance, the overall sentiment indicates confusion and a desire for educational resources, exemplified by review [3015]. Thus, I still believe that gap #1 deserves attention as a critical area for improvement.

Regarding gap #2, I agree with your assessment that the categorization as UNDER-PRIORITIZED reflects a significant mismatch between user frustration and the urgency of the issue on the roadmap. The lack of a milestone for issue #1772 does indeed suggest that the development team is not prioritizing this concern adequately. I concede that this gap warrants more immediate attention.

On the topic of the excluded candidate about data protection, I recognize the importance of user assurance regarding privacy and security. However, I believe that gap #5 on speed and performance, despite being IGNORED, still reflects a pressing user need, as many reviews indicate frustration with operational efficiency. The need for speed is a tangible aspect of user experience that cannot be overlooked, even if it feels less critical than privacy concerns. Thus, I do not support replacing gap #5 with the excluded candidate.

In summary, I stand by the significance of gap #1 for clarity and education, acknowledge the urgency of gap #2, and maintain the relevance of gap #5 on speed and performance without replacing it with the excluded candidate.


==============================================================================
🔍  Evidence Auditor  —  round 2 (cross)
==============================================================================
User Advocate, I appreciate your acknowledgment of the gap regarding clarity and education on navigating the deep web as significant and IGNORED. However, I must reiterate that while review [3015] highlights a desire for guidance, the evidence set for gap #1 includes reviews that do not explicitly articulate a need for educational resources, such as [4354] and [2501]. This variance in focus weakens the overall confidence score, which is already somewhat inflated at 72.3%. Therefore, I maintain that the evidence supporting this gap is not as robust as it could be.

Roadmap Owner, I concede your point that the overall sentiment in the reviews for gap #1 indicates confusion and a latent desire for education. However, I maintain that the consistency score of 0.601 reflects a lack of alignment in user feedback, which should temper our confidence in this gap's urgency and clarity. 

Regarding gap #2, I agree that it is critical and warrants more immediate attention due to the evident user frustration reflected in reviews like [2834] and [2411]. The open status of issue #1772 does suggest awareness but also highlights a disconnect between user needs and development priorities.

As for the excluded candidate regarding user assurance of data protection ([66.7%]), I strongly believe this should replace gap #5 about improved speed and performance ([67.8%] IGNORED). The evidence for the excluded candidate is compelling, as it addresses fundamental concerns over privacy and security—central to the app's purpose. Users have expressed anxiety about data protection, which I argue is more critical than the general frustrations about speed, especially since the latter is categorized as IGNORED. The urgency of addressing privacy concerns outweighs the need for immediate speed improvements, making the excluded candidate a better fit for inclusion in the top gaps.

In conclusion, I stand by my assessment that gap #1's confidence is inflated due to inconsistent evidence, while gap #2 is urgent. I propose replacing gap #5 with the excluded candidate on data protection to better reflect user priorities and concerns.


==============================================================================
⚖️  Judge  —  round 3 (interrogation)
==============================================================================
1. **To Evidence Auditor:** You assert that the confidence score for gap #1 regarding clarity and education on navigating the deep web is inflated due to inconsistent evidence. Can you specify which reviews you believe do not align with the need for educational resources and how this impacts the overall confidence score? What threshold of consistency would you consider necessary for a gap to be deemed robust?

2. **To User Advocate:** You advocate for replacing gap #5 about improved speed and performance with the excluded candidate on data protection. Given that gap #5 is categorized as IGNORED, what specific evidence do you have that demonstrates that the urgency of speed improvements is less critical than the concerns over data protection, especially when speed issues are directly impacting user experience and satisfaction?

3. **To Roadmap Owner:** You maintain the relevance of gap #5 despite its IGNORED status. Can you clarify how you reconcile the significance of user complaints regarding speed and performance, as indicated in the reviews, with the decision to categorize this gap as IGNORED? What specific actions or considerations would you propose to elevate the attention given to this gap on the roadmap?


==============================================================================
🙋  User Advocate  —  round 4 (rebuttal)
==============================================================================
To User Advocate:

You propose replacing gap #5 about improved speed and performance with the excluded candidate on data protection. However, I must emphasize that the urgency of speed improvements is indeed critical. Reviews explicitly state frustrations about slow performance, as seen in review [2834] where a user mentions, "So low speed," which directly impacts their experience and satisfaction. The frustration over speed is not just a minor complaint; it reflects a significant barrier to usability. 

While I acknowledge the importance of data protection, the urgency of speed improvements has been underscored by numerous users who rely on the app for practical and timely usage. Users are actively expressing dissatisfaction with their experience, which indicates that addressing speed is more pressing in this context. The need for speed improvement is not just about convenience; it directly affects user retention and overall satisfaction with the app.

Thus, while the data protection concern is valid and important, the immediate and tangible frustrations regarding speed and performance, as reflected in user reviews, should not be downplayed. Speed is a fundamental aspect of user experience that directly impacts how users engage with the app. Therefore, I do not support replacing gap #5 with the excluded candidate on data protection.


==============================================================================
🗺️  Roadmap Owner  —  round 4 (rebuttal)
==============================================================================
To the judge's question regarding gap #5 on improved speed and performance, I acknowledge the urgency of user complaints about speed as reflected in reviews. The evidence indicates that many users express frustration with slow performance, which ties directly to their overall satisfaction and usability of the app. For instance, review [2834] states, "So low speed," highlighting a clear issue that impacts user experience.

While the excluded candidate regarding data protection is indeed significant, it is essential to recognize that the immediate and tangible frustrations concerning speed are critical to user retention and engagement. Users depend on the app for timely and efficient performance, and ongoing issues with speed can lead to dissatisfaction that outweighs concerns over data protection in the short term. Therefore, I maintain that gap #5 should not be replaced, as the need for speed improvements is pressing and directly linked to user experience.

In conclusion, while I concede that data protection is crucial, I argue that the immediate user experience issues related to speed and performance, as demonstrated by user reviews, warrant sustained attention on the roadmap.


==============================================================================
🔍  Evidence Auditor  —  round 4 (rebuttal)
==============================================================================
1. **To Evidence Auditor:** The reviews that do not align with the need for educational resources include [4354] ("Good for browsing the deep web") and [2501] ("The deep Web It's terrifying"). These reviews express general positive sentiments and fears about the deep web without a direct call for guidance or educational materials. The presence of such reviews lowers the consistency score, which, at 0.601, suggests that a significant portion of the evidence does not robustly support the need for clarity and education. For a gap to be deemed robust, I would consider a consistency threshold of at least 0.7 necessary, indicating a stronger alignment between user feedback and the articulated need. 

2. **To User Advocate:** I understand your concern regarding the urgency of speed improvements, but I maintain that the data protection gap should be prioritized over speed. The evidence for data protection is compelling, as users express significant anxiety over their privacy and security, which is paramount for the app's purpose. Reviews regarding speed, while valid, often reflect a general frustration rather than an existential concern. The urgency of data protection, as highlighted by the excluded candidate, is critical and should take precedence, as it addresses fundamental user needs that are central to the app's mission.

3. **To Roadmap Owner:** I acknowledge the significance of user complaints about speed and performance. However, the decision to categorize gap #5 as IGNORED reflects a strategic prioritization based on the overall roadmap focus. While speed issues are impactful, the categorization suggests that the development team is aware but not currently prioritizing these concerns due to other pressing issues. To elevate attention to this gap, I propose that the team consider re-evaluating user feedback trends and potentially schedule a review to assess if performance improvements can be integrated into upcoming updates or if further user education on expectations can be communicated. This dual approach could address both immediate user frustrations and set realistic expectations regarding the inherent limitations of the Tor network.


==============================================================================
⚖️  Judge  —  round 5 (ruling)
==============================================================================
1. **Gap #1 (Clarity and education on navigating the deep web)**: This gap stands categorized as IGNORED. Despite the evidence supporting a latent need for guidance, the inconsistency in user feedback, as highlighted by the Evidence Auditor, suggests that the confidence in this gap is not sufficiently robust, which weakens its case for immediate action.

2. **Gap #2 (Clear communication about expected speeds and performance)**: This gap stands categorized as UNDER-PRIORITIZED. The evidence showing user frustration with speed and the existence of issue #1772 indicate a clear need for improvement, and the open status of the issue reflects a recognition of the problem, albeit with insufficient prioritization.

3. **Gap #3 (More intuitive user interface and reduced complexity in VPN configuration)**: This gap stands categorized as MISUNDERSTOOD. The evidence indicates that while there is some user dissatisfaction with the interface, the related ticket (#116) addressed UI improvements, which suggests that the identified need may already be in progress, but not fully aligned with user expectations.

4. **Gap #4 (Improved connectivity and faster connection times when using Tor network)**: This gap stands categorized as MISUNDERSTOOD. The connection-related issues are acknowledged but the specific ticket's closure indicates that some improvements have been made, leaving the gap as an ongoing concern without a direct roadmap match.

5. **Gap #5 (Improved speed and performance)**: This gap stands categorized as IGNORED. While user complaints regarding speed are valid, the lack of a roadmap issue addressing this need directly leads to its classification, suggesting that the development team is not currently prioritizing it amidst other initiatives.

The analysis would likely survive a live defense, particularly due to the strong evidence supporting gap #2 and the acknowledgment of gaps #3 and #4. However, defenders must be ready to address the inconsistency in evidence for gap #1 and justify the decision to ignore gap #5 despite the clear user frustrations, possibly needing to clarify the roadmap strategy and how it aligns with user needs.


##############################################################################
RULING  (49s, 11 statements)
##############################################################################

The judge acknowledged significant frustrations in user experience but deemed several gaps as needing further clarification or prioritization.

Would survive live defence: True
  #1  IGNORED     The inconsistency in user feedback weakens the case for immediate action on this gap.
  #2  UNDER-PRIORITIZED The clear need for improvement is acknowledged but lacks sufficient prioritization.
  #3  MISUNDERSTOOD While dissatisfaction exists, improvements are already in progress but may not align with user expectations.
  #4  MISUNDERSTOOD Connection-related issues are recognized, but there is no direct roadmap match despite some improvements.
  #5  IGNORED     The lack of a roadmap issue addressing speed complaints leads to this classification.

Must be ready for:
  - How to justify the decision to ignore gap #5 despite clear user frustrations.

Saved -> debate_result.json
